[2026-10-03 19:37:59,747: INFO/MainProcess] beat: Starting...
[2026-10-03 19:38:01,320: INFO/MainProcess] Scheduler: Sending due task pick-due-actions-every-60s (backend.worker.tasks.pick_due_actions)
[2026-10-03 19:38:05,182: INFO/MainProcess] Scheduler: Sending due task evaluate-alerts-every-60s (backend.worker.tasks.evaluate_alerts)
[2026-10-03 19:38:05,477: INFO/MainProcess] Scheduler: Sending due task snapshot-health-every-60s (backend.worker.tasks.snapshot_health)
[2026-10-03 19:38:59,796: INFO/MainProcess] Scheduler: Sending due task pick-due-actions-every-60s (backend.worker.tasks.pick_due_actions)
[2026-10-03 19:39:05,182: INFO/MainProcess] Scheduler: Sending due task evaluate-alerts-every-60s (backend.worker.tasks.evaluate_alerts)
[2026-10-03 19:39:05,478: INFO/MainProcess] Scheduler: Sending due task snapshot-health-every-60s (backend.worker.tasks.snapshot_health)
[2026-10-03 19:39:59,796: INFO/MainProcess] Scheduler: Sending due task pick-due-actions-every-60s (backend.worker.tasks.pick_due_actions)
[2026-10-03 19:40:05,182: INFO/MainProcess] Scheduler: Sending due task evaluate-alerts-every-60s (backend.worker.tasks.evaluate_alerts)
[2026-10-03 19:40:05,479: INFO/MainProcess] Scheduler: Sending due task snapshot-health-every-60s (backend.worker.tasks.snapshot_health)
[2026-10-03 19:40:55,156: INFO/MainProcess] Scheduler: Sending due task retry-stuck-classifications-every-10m (backend.worker.tasks.retry_stuck_classifications)
[2026-10-03 19:40:59,797: INFO/MainProcess] Scheduler: Sending due task pick-due-actions-every-60s (backend.worker.tasks.pick_due_actions)
[2026-10-03 19:41:05,183: INFO/MainProcess] Scheduler: Sending due task evaluate-alerts-every-60s (backend.worker.tasks.evaluate_alerts)
[2026-10-03 19:41:06,653: INFO/MainProcess] Scheduler: Sending due task snapshot-health-every-60s (backend.worker.tasks.snapshot_health)
[2026-10-03 19:41:59,798: INFO/MainProcess] Scheduler: Sending due task pick-due-actions-every-60s (backend.worker.tasks.pick_due_actions)
[2026-10-03 19:42:05,184: INFO/MainProcess] Scheduler: Sending due task evaluate-alerts-every-60s (backend.worker.tasks.evaluate_alerts)
[2026-10-03 19:42:06,654: INFO/MainProcess] Scheduler: Sending due task snapshot-health-every-60s (backend.worker.tasks.snapshot_health)
[2026-10-03 19:42:59,799: INFO/MainProcess] Scheduler: Sending due task pick-due-actions-every-60s (backend.worker.tasks.pick_due_actions)
[2026-10-03 19:43:05,184: INFO/MainProcess] Scheduler: Sending due task evaluate-alerts-every-60s (backend.worker.tasks.evaluate_alerts)
[2026-10-03 19:43:06,654: INFO/MainProcess] Scheduler: Sending due task snapshot-health-every-60s (backend.worker.tasks.snapshot_health)
[2026-10-03 19:43:59,800: INFO/MainProcess] Scheduler: Sending due task pick-due-actions-every-60s (backend.worker.tasks.pick_due_actions)
[2026-10-03 19:44:05,185: INFO/MainProcess] Scheduler: Sending due task evaluate-alerts-every-60s (backend.worker.tasks.evaluate_alerts)
[2026-10-03 19:44:06,655: INFO/MainProcess] Scheduler: Sending due task snapshot-health-every-60s (backend.worker.tasks.snapshot_health)
[2026-10-03 19:44:59,800: INFO/MainProcess] Scheduler: Sending due task pick-due-actions-every-60s (backend.worker.tasks.pick_due_actions)
[2026-10-03 19:45:05,185: INFO/MainProcess] Scheduler: Sending due task evaluate-alerts-every-60s (backend.worker.tasks.evaluate_alerts)
[2026-10-03 19:45:06,655: INFO/MainProcess] Scheduler: Sending due task snapshot-health-every-60s (backend.worker.tasks.snapshot_health)
[2026-10-03 19:45:59,801: INFO/MainProcess] Scheduler: Sending due task pick-due-actions-every-60s (backend.worker.tasks.pick_due_actions)
[2026-10-03 19:46:05,186: INFO/MainProcess] Scheduler: Sending due task evaluate-alerts-every-60s (backend.worker.tasks.evaluate_alerts)
[2026-10-03 19:46:06,656: INFO/MainProcess] Scheduler: Sending due task snapshot-health-every-60s (backend.worker.tasks.snapshot_health)
[2026-10-03 19:46:59,801: INFO/MainProcess] Scheduler: Sending due task pick-due-actions-every-60s (backend.worker.tasks.pick_due_actions)
[2026-10-03 19:47:05,187: INFO/MainProcess] Scheduler: Sending due task evaluate-alerts-every-60s (backend.worker.tasks.evaluate_alerts)
[2026-10-03 19:47:06,656: INFO/MainProcess] Scheduler: Sending due task snapshot-health-every-60s (backend.worker.tasks.snapshot_health)
[2026-10-03 19:47:59,801: INFO/MainProcess] Scheduler: Sending due task pick-due-actions-every-60s (backend.worker.tasks.pick_due_actions)
[2026-10-03 19:48:05,187: INFO/MainProcess] Scheduler: Sending due task evaluate-alerts-every-60s (backend.worker.tasks.evaluate_alerts)
[2026-10-03 19:48:06,656: INFO/MainProcess] Scheduler: Sending due task snapshot-health-every-60s (backend.worker.tasks.snapshot_health)
[2026-10-03 19:48:59,802: INFO/MainProcess] Scheduler: Sending due task pick-due-actions-every-60s (backend.worker.tasks.pick_due_actions)
[2026-10-03 19:49:31,024: INFO/MainProcess] Scheduler: Sending due task evaluate-alerts-every-60s (backend.worker.tasks.evaluate_alerts)
[2026-10-03 19:49:31,299: INFO/MainProcess] Scheduler: Sending due task snapshot-health-every-60s (backend.worker.tasks.snapshot_health)
[2026-10-03 19:49:59,802: INFO/MainProcess] Scheduler: Sending due task pick-due-actions-every-60s (backend.worker.tasks.pick_due_actions)
[2026-10-03 19:50:31,038: INFO/MainProcess] Scheduler: Sending due task evaluate-alerts-every-60s (backend.worker.tasks.evaluate_alerts)
[2026-10-03 19:50:31,326: INFO/MainProcess] Scheduler: Sending due task snapshot-health-every-60s (backend.worker.tasks.snapshot_health)
[2026-10-03 19:50:55,156: INFO/MainProcess] Scheduler: Sending due task retry-stuck-classifications-every-10m (backend.worker.tasks.retry_stuck_classifications)
[2026-10-03 19:50:59,803: INFO/MainProcess] Scheduler: Sending due task pick-due-actions-every-60s (backend.worker.tasks.pick_due_actions)
[2026-10-03 19:51:31,039: INFO/MainProcess] Scheduler: Sending due task evaluate-alerts-every-60s (backend.worker.tasks.evaluate_alerts)
[2026-10-03 19:51:31,329: INFO/MainProcess] Scheduler: Sending due task snapshot-health-every-60s (backend.worker.tasks.snapshot_health)
[2026-10-03 19:51:59,804: INFO/MainProcess] Scheduler: Sending due task pick-due-actions-every-60s (backend.worker.tasks.pick_due_actions)
[2026-10-03 19:52:31,040: INFO/MainProcess] Scheduler: Sending due task evaluate-alerts-every-60s (backend.worker.tasks.evaluate_alerts)
[2026-10-03 19:52:31,330: INFO/MainProcess] Scheduler: Sending due task snapshot-health-every-60s (backend.worker.tasks.snapshot_health)
[2026-10-03 19:52:59,805: INFO/MainProcess] Scheduler: Sending due task pick-due-actions-every-60s (backend.worker.tasks.pick_due_actions)
[2026-10-03 19:53:31,041: INFO/MainProcess] Scheduler: Sending due task evaluate-alerts-every-60s (backend.worker.tasks.evaluate_alerts)
[2026-10-03 19:53:31,343: INFO/MainProcess] Scheduler: Sending due task snapshot-health-every-60s (backend.worker.tasks.snapshot_health)
[2026-10-03 19:53:59,805: INFO/MainProcess] Scheduler: Sending due task pick-due-actions-every-60s (backend.worker.tasks.pick_due_actions)
[2026-10-03 19:54:31,041: INFO/MainProcess] Scheduler: Sending due task evaluate-alerts-every-60s (backend.worker.tasks.evaluate_alerts)
[2026-10-03 19:54:31,342: INFO/MainProcess] Scheduler: Sending due task snapshot-health-every-60s (backend.worker.tasks.snapshot_health)
[2026-10-03 19:54:59,806: INFO/MainProcess] Scheduler: Sending due task pick-due-actions-every-60s (backend.worker.tasks.pick_due_actions)
[2026-10-03 19:55:31,042: INFO/MainProcess] Scheduler: Sending due task evaluate-alerts-every-60s (backend.worker.tasks.evaluate_alerts)
[2026-10-03 19:55:31,343: INFO/MainProcess] Scheduler: Sending due task snapshot-health-every-60s (backend.worker.tasks.snapshot_health)
[2026-10-03 19:55:59,806: INFO/MainProcess] Scheduler: Sending due task pick-due-actions-every-60s (backend.worker.tasks.pick_due_actions)
[2026-10-03 19:56:31,043: INFO/MainProcess] Scheduler: Sending due task evaluate-alerts-every-60s (backend.worker.tasks.evaluate_alerts)
[2026-10-03 19:56:31,355: INFO/MainProcess] Scheduler: Sending due task snapshot-health-every-60s (backend.worker.tasks.snapshot_health)
[2026-10-03 19:56:59,807: INFO/MainProcess] Scheduler: Sending due task pick-due-actions-every-60s (backend.worker.tasks.pick_due_actions)
[2026-10-03 19:57:31,043: INFO/MainProcess] Scheduler: Sending due task evaluate-alerts-every-60s (backend.worker.tasks.evaluate_alerts)
[2026-10-03 19:57:31,355: INFO/MainProcess] Scheduler: Sending due task snapshot-health-every-60s (backend.worker.tasks.snapshot_health)
[2026-10-03 19:57:59,807: INFO/MainProcess] Scheduler: Sending due task pick-due-actions-every-60s (backend.worker.tasks.pick_due_actions)
[2026-10-03 19:58:31,043: INFO/MainProcess] Scheduler: Sending due task evaluate-alerts-every-60s (backend.worker.tasks.evaluate_alerts)
[2026-10-03 19:58:31,355: INFO/MainProcess] Scheduler: Sending due task snapshot-health-every-60s (backend.worker.tasks.snapshot_health)
[2026-10-03 19:58:59,808: INFO/MainProcess] Scheduler: Sending due task pick-due-actions-every-60s (backend.worker.tasks.pick_due_actions)
[2026-10-03 19:59:31,044: INFO/MainProcess] Scheduler: Sending due task evaluate-alerts-every-60s (backend.worker.tasks.evaluate_alerts)
[2026-10-03 19:59:31,356: INFO/MainProcess] Scheduler: Sending due task snapshot-health-every-60s (backend.worker.tasks.snapshot_health)
[2026-10-03 19:59:59,808: INFO/MainProcess] Scheduler: Sending due task pick-due-actions-every-60s (backend.worker.tasks.pick_due_actions)
[2026-10-03 20:00:31,044: INFO/MainProcess] Scheduler: Sending due task evaluate-alerts-every-60s (backend.worker.tasks.evaluate_alerts)
[2026-10-03 20:00:31,356: INFO/MainProcess] Scheduler: Sending due task snapshot-health-every-60s (backend.worker.tasks.snapshot_health)
[2026-10-03 20:00:55,157: INFO/MainProcess] Scheduler: Sending due task retry-stuck-classifications-every-10m (backend.worker.tasks.retry_stuck_classifications)
[2026-10-03 20:00:59,808: INFO/MainProcess] Scheduler: Sending due task pick-due-actions-every-60s (backend.worker.tasks.pick_due_actions)
[2026-10-03 20:01:31,045: INFO/MainProcess] Scheduler: Sending due task evaluate-alerts-every-60s (backend.worker.tasks.evaluate_alerts)
[2026-10-03 20:01:31,357: INFO/MainProcess] Scheduler: Sending due task snapshot-health-every-60s (backend.worker.tasks.snapshot_health)
[2026-10-03 20:01:59,809: INFO/MainProcess] Scheduler: Sending due task pick-due-actions-every-60s (backend.worker.tasks.pick_due_actions)
[2026-10-03 20:02:31,046: INFO/MainProcess] Scheduler: Sending due task evaluate-alerts-every-60s (backend.worker.tasks.evaluate_alerts)
[2026-10-03 20:02:31,357: INFO/MainProcess] Scheduler: Sending due task snapshot-health-every-60s (backend.worker.tasks.snapshot_health)
[2026-10-03 20:02:59,809: INFO/MainProcess] Scheduler: Sending due task pick-due-actions-every-60s (backend.worker.tasks.pick_due_actions)
[2026-10-03 20:03:31,047: INFO/MainProcess] Scheduler: Sending due task evaluate-alerts-every-60s (backend.worker.tasks.evaluate_alerts)
[2026-10-03 20:03:31,896: INFO/MainProcess] Scheduler: Sending due task snapshot-health-every-60s (backend.worker.tasks.snapshot_health)
[2026-10-03 20:03:59,810: INFO/MainProcess] Scheduler: Sending due task pick-due-actions-every-60s (backend.worker.tasks.pick_due_actions)
[2026-10-03 20:04:31,047: INFO/MainProcess] Scheduler: Sending due task evaluate-alerts-every-60s (backend.worker.tasks.evaluate_alerts)
[2026-10-03 20:04:31,897: INFO/MainProcess] Scheduler: Sending due task snapshot-health-every-60s (backend.worker.tasks.snapshot_health)
[2026-10-03 20:04:59,810: INFO/MainProcess] Scheduler: Sending due task pick-due-actions-every-60s (backend.worker.tasks.pick_due_actions)
[2026-10-03 20:05:31,047: INFO/MainProcess] Scheduler: Sending due task evaluate-alerts-every-60s (backend.worker.tasks.evaluate_alerts)
[2026-10-03 20:05:31,911: INFO/MainProcess] Scheduler: Sending due task snapshot-health-every-60s (backend.worker.tasks.snapshot_health)
[2026-10-03 20:05:59,810: INFO/MainProcess] Scheduler: Sending due task pick-due-actions-every-60s (backend.worker.tasks.pick_due_actions)
[2026-10-03 20:06:31,048: INFO/MainProcess] Scheduler: Sending due task evaluate-alerts-every-60s (backend.worker.tasks.evaluate_alerts)
[2026-10-03 20:06:31,911: INFO/MainProcess] Scheduler: Sending due task snapshot-health-every-60s (backend.worker.tasks.snapshot_health)
[2026-10-03 20:06:59,810: INFO/MainProcess] Scheduler: Sending due task pick-due-actions-every-60s (backend.worker.tasks.pick_due_actions)
[2026-10-03 20:07:31,048: INFO/MainProcess] Scheduler: Sending due task evaluate-alerts-every-60s (backend.worker.tasks.evaluate_alerts)
[2026-10-03 20:07:31,911: INFO/MainProcess] Scheduler: Sending due task snapshot-health-every-60s (backend.worker.tasks.snapshot_health)
[2026-10-03 20:07:59,811: INFO/MainProcess] Scheduler: Sending due task pick-due-actions-every-60s (backend.worker.tasks.pick_due_actions)
[2026-10-03 20:08:31,049: INFO/MainProcess] Scheduler: Sending due task evaluate-alerts-every-60s (backend.worker.tasks.evaluate_alerts)
[2026-10-03 20:08:31,912: INFO/MainProcess] Scheduler: Sending due task snapshot-health-every-60s (backend.worker.tasks.snapshot_health)
[2026-10-03 20:08:59,812: INFO/MainProcess] Scheduler: Sending due task pick-due-actions-every-60s (backend.worker.tasks.pick_due_actions)
sks.snapshot_health)
[2026-10-03 19:52:23,055: INFO/MainProcess] Scheduler: Sending due task evaluate-alerts-every-60s (backend.worker.tasks.evaluate_alerts)
[2026-10-03 19:52:49,672: INFO/MainProcess] Scheduler: Sending due task pick-due-actions-every-60s (backend.worker.tasks.pick_due_actions)
[2026-10-03 19:53:12,366: INFO/MainProcess] Scheduler: Sending due task snapshot-health-every-60s (backend.worker.tasks.snapshot_health)
[2026-10-03 19:53:23,055: INFO/MainProcess] Scheduler: Sending due task evaluate-alerts-every-60s (backend.worker.tasks.evaluate_alerts)
[2026-10-03 19:53:49,673: INFO/MainProcess] Scheduler: Sending due task pick-due-actions-every-60s (backend.worker.tasks.pick_due_actions)
[2026-10-03 19:54:12,367: INFO/MainProcess] Scheduler: Sending due task snapshot-health-every-60s (backend.worker.tasks.snapshot_health)
[2026-10-03 19:54:23,056: INFO/MainProcess] Scheduler: Sending due task evaluate-alerts-every-60s (backend.worker.tasks.evaluate_alerts)
[2026-10-03 19:54:49,673: INFO/MainProcess] Scheduler: Sending due task pick-due-actions-every-60s (backend.worker.tasks.pick_due_actions)
[2026-10-03 19:55:12,367: INFO/MainProcess] Scheduler: Sending due task snapshot-health-every-60s (backend.worker.tasks.snapshot_health)
[2026-10-03 19:55:23,057: INFO/MainProcess] Scheduler: Sending due task evaluate-alerts-every-60s (backend.worker.tasks.evaluate_alerts)
[2026-10-03 19:55:49,673: INFO/MainProcess] Scheduler: Sending due task pick-due-actions-every-60s (backend.worker.tasks.pick_due_actions)
[2026-10-03 19:56:12,367: INFO/MainProcess] Scheduler: Sending due task snapshot-health-every-60s (backend.worker.tasks.snapshot_health)
[2026-10-03 19:56:23,057: INFO/MainProcess] Scheduler: Sending due task evaluate-alerts-every-60s (backend.worker.tasks.evaluate_alerts)
[2026-10-03 19:56:49,674: INFO/MainProcess] Scheduler: Sending due task pick-due-actions-every-60s (backend.worker.tasks.pick_due_actions)
[2026-10-03 19:57:12,367: INFO/MainProcess] Scheduler: Sending due task snapshot-health-every-60s (backend.worker.tasks.snapshot_health)
[2026-10-03 19:57:23,057: INFO/MainProcess] Scheduler: Sending due task evaluate-alerts-every-60s (backend.worker.tasks.evaluate_alerts)
[2026-10-03 19:57:49,674: INFO/MainProcess] Scheduler: Sending due task pick-due-actions-every-60s (backend.worker.tasks.pick_due_actions)
[2026-10-03 19:58:12,368: INFO/MainProcess] Scheduler: Sending due task snapshot-health-every-60s (backend.worker.tasks.snapshot_health)
[2026-10-03 19:58:23,080: INFO/MainProcess] Scheduler: Sending due task evaluate-alerts-every-60s (backend.worker.tasks.evaluate_alerts)
[2026-10-03 19:58:49,675: INFO/MainProcess] Scheduler: Sending due task pick-due-actions-every-60s (backend.worker.tasks.pick_due_actions)
[2026-10-03 19:59:12,368: INFO/MainProcess] Scheduler: Sending due task snapshot-health-every-60s (backend.worker.tasks.snapshot_health)
[2026-10-03 19:59:23,081: INFO/MainProcess] Scheduler: Sending due task evaluate-alerts-every-60s (backend.worker.tasks.evaluate_alerts)
[2026-10-03 19:59:49,676: INFO/MainProcess] Scheduler: Sending due task pick-due-actions-every-60s (backend.worker.tasks.pick_due_actions)
[2026-10-03 20:00:12,370: INFO/MainProcess] Scheduler: Sending due task snapshot-health-every-60s (backend.worker.tasks.snapshot_health)
[2026-10-03 20:00:23,081: INFO/MainProcess] Scheduler: Sending due task evaluate-alerts-every-60s (backend.worker.tasks.evaluate_alerts)
[2026-10-03 20:00:49,676: INFO/MainProcess] Scheduler: Sending due task pick-due-actions-every-60s (backend.worker.tasks.pick_due_actions)
[2026-10-03 20:00:55,157: INFO/MainProcess] Scheduler: Sending due task retry-stuck-classifications-every-10m (backend.worker.tasks.retry_stuck_classifications)
[2026-10-03 20:01:12,369: INFO/MainProcess] Scheduler: Sending due task snapshot-health-every-60s (backend.worker.tasks.snapshot_health)
[2026-10-03 20:01:23,101: INFO/MainProcess] Scheduler: Sending due task evaluate-alerts-every-60s (backend.worker.tasks.evaluate_alerts)
[2026-10-03 20:01:49,676: INFO/MainProcess] Scheduler: Sending due task pick-due-actions-every-60s (backend.worker.tasks.pick_due_actions)
[2026-10-03 20:02:12,369: INFO/MainProcess] Scheduler: Sending due task snapshot-health-every-60s (backend.worker.tasks.snapshot_health)
[2026-10-03 20:02:23,101: INFO/MainProcess] Scheduler: Sending due task evaluate-alerts-every-60s (backend.worker.tasks.evaluate_alerts)
[2026-10-03 20:02:49,677: INFO/MainProcess] Scheduler: Sending due task pick-due-actions-every-60s (backend.worker.tasks.pick_due_actions)
[2026-10-03 20:03:12,369: INFO/MainProcess] Scheduler: Sending due task snapshot-health-every-60s (backend.worker.tasks.snapshot_health)
[2026-10-03 20:03:23,102: INFO/MainProcess] Scheduler: Sending due task evaluate-alerts-every-60s (backend.worker.tasks.evaluate_alerts)
[2026-10-03 20:03:49,677: INFO/MainProcess] Scheduler: Sending due task pick-due-actions-every-60s (backend.worker.tasks.pick_due_actions)
[2026-10-03 20:04:12,370: INFO/MainProcess] Scheduler: Sending due task snapshot-health-every-60s (backend.worker.tasks.snapshot_health)
[2026-10-03 20:04:23,115: INFO/MainProcess] Scheduler: Sending due task evaluate-alerts-every-60s (backend.worker.tasks.evaluate_alerts)
[2026-10-03 20:04:49,678: INFO/MainProcess] Scheduler: Sending due task pick-due-actions-every-60s (backend.worker.tasks.pick_due_actions)
[2026-10-03 20:05:12,370: INFO/MainProcess] Scheduler: Sending due task snapshot-health-every-60s (backend.worker.tasks.snapshot_health)
[2026-10-03 20:05:23,114: INFO/MainProcess] Scheduler: Sending due task evaluate-alerts-every-60s (backend.worker.tasks.evaluate_alerts)
[2026-10-03 20:05:49,679: INFO/MainProcess] Scheduler: Sending due task pick-due-actions-every-60s (backend.worker.tasks.pick_due_actions)
[2026-10-03 20:06:12,371: INFO/MainProcess] Scheduler: Sending due task snapshot-health-every-60s (backend.worker.tasks.snapshot_health)
[2026-10-03 20:06:23,115: INFO/MainProcess] Scheduler: Sending due task evaluate-alerts-every-60s (backend.worker.tasks.evaluate_alerts)
[2026-10-03 20:06:49,679: INFO/MainProcess] Scheduler: Sending due task pick-due-actions-every-60s (backend.worker.tasks.pick_due_actions)
[2026-10-03 20:07:12,371: INFO/MainProcess] Scheduler: Sending due task snapshot-health-every-60s (backend.worker.tasks.snapshot_health)
[2026-10-03 20:07:23,115: INFO/MainProcess] Scheduler: Sending due task evaluate-alerts-every-60s (backend.worker.tasks.evaluate_alerts)
[2026-10-03 20:07:49,679: INFO/MainProcess] Scheduler: Sending due task pick-due-actions-every-60s (backend.worker.tasks.pick_due_actions)
[2026-10-03 20:08:12,373: INFO/MainProcess] Scheduler: Sending due task snapshot-health-every-60s (backend.worker.tasks.snapshot_health)
[2026-10-03 20:08:23,116: INFO/MainProcess] Scheduler: Sending due task evaluate-alerts-every-60s (backend.worker.tasks.evaluate_alerts)
[2026-10-03 20:08:49,679: INFO/MainProcess] Scheduler: Sending due task pick-due-actions-every-60s (backend.worker.tasks.pick_due_actions)
[2026-10-03 20:09:12,373: INFO/MainProcess] Scheduler: Sending due task snapshot-health-every-60s (backend.worker.tasks.snapshot_health)
