 
 -------------- celery@LAPTOP-36NJC1OQ v5.6.3 (recovery)
--- ***** ----- 
-- ******* ---- Windows-11-10.0.26200-SP0 2026-10-03 19:37:59
- *** --- * --- 
- ** ---------- [config]
- ** ---------- .> app:         worker:0x1a72e78bdd0
- ** ---------- .> transport:   redis://default:**@whistle-agreement-immune-83193.db.redis.io:15296//
- ** ---------- .> results:     redis://default:**@whistle-agreement-immune-83193.db.redis.io:15296/
- *** --- * --- .> concurrency: 12 (solo)
-- ******* ---- .> task events: OFF (enable -E to monitor tasks in this worker)
--- ***** ----- 
 -------------- [queues]
                .> celery           exchange=celery(direct) key=celery
                

[tasks]
  . backend.worker.tasks.classify_payment
  . backend.worker.tasks.evaluate_alerts
  . backend.worker.tasks.execute_action
  . backend.worker.tasks.pick_due_actions
  . backend.worker.tasks.ping
  . backend.worker.tasks.retry_stuck_classifications
  . backend.worker.tasks.snapshot_health

